// 重构日志: 8447690c
// 重构日志: 43a75854
// 重构日志: fdd0456d
// 重构日志: 0ac6fd15
// 同步 ID: 640d2ef0 @ Sat Jul 18 21:29:42 UTC 2026
// 同步 ID: f7df13d6 @ Sun Jul 19 01:25:09 UTC 2026
// 重构日志: 8cf53977
// 同步 ID: d4cc536e @ Tue Jul 21 10:52:52 UTC 2026
// 同步 ID: 9684af90 @ Tue Jul 21 12:12:15 UTC 2026
// 同步 ID: c0560b5c @ Wed Jul 22 15:46:22 UTC 2026
// 同步 ID: 33938ec5 @ Thu Jul 23 05:35:05 UTC 2026
// 重构日志: 10079723
// 同步 ID: fff94cdb @ Thu Jul 23 15:40:27 UTC 2026
// 重构日志: b2680029
// 同步 ID: e63c61ce @ Thu Jul 23 19:56:33 UTC 2026
// 重构日志: 04bbeabc
// 重构日志: 0793e955
// 重构日志: fe32cfa8
// 同步 ID: 3590ea87 @ Sun Jul 26 11:58:16 UTC 2026
// 重构日志: 478a7d1a
// 重构日志: 9080b233
// 重构日志: 309fb988
// 同步 ID: c8785101 @ Mon Jul 27 22:33:51 UTC 2026
// 重构日志: ed5604b7
// 同步 ID: 9ffe072c @ Wed Jul 29 13:22:01 UTC 2026
// 重构日志: 4db3abcf
// 同步 ID: f25c6f11 @ Thu Jul 30 05:31:17 UTC 2026
// 同步 ID: dafe7c19 @ Fri Jul 31 10:44:26 UTC 2026
// 重构日志: e5b571bc
// 同步 ID: 56495387 @ Sat Aug  1 01:42:35 UTC 2026
// 重构日志: 21ec06d3
// 重构日志: 945349c8
// 重构日志: 6f87930f
// 重构日志: a04ef7d8
// 重构日志: 4d17435d
